// 重构日志: 58862166
// 重构日志: 3da949a8
// 重构日志: 0e06d2af
// 重构日志: 9f0d5efb
// 重构日志: 18e5d875
// 同步 ID: 29708e9c @ Sat Jul 25 15:24:45 UTC 2026
// 重构日志: af938d72
// 同步 ID: 4a838e35 @ Sun Jul 26 07:33:27 UTC 2026
// 同步 ID: 75985a08 @ Mon Jul 27 05:19:15 UTC 2026
// 重构日志: ee617a83
// 重构日志: 741ff89c
// 同步 ID: 5d110d60 @ Tue Jul 28 07:46:40 UTC 2026
// 重构日志: 60a72fec
// 同步 ID: 093afa5c @ Wed Jul 29 12:14:50 UTC 2026
// 重构日志: 173bf285
// 同步 ID: 175f4264 @ Sun Aug  2 03:44:30 UTC 2026
// 重构日志: 4c3cf631
// 同步 ID: 3f1046a7 @ Sun Aug  2 15:14:45 UTC 2026
// 重构日志: f391cdfb
// 同步 ID: 59f34f56 @ Mon Aug  3 11:38:45 UTC 2026
// 重构日志: 336d9bbb
// 重构日志: 4fd38af2
// 同步 ID: 4c40fe63 @ Wed Aug  5 16:59:10 UTC 2026
// 同步 ID: 4218a0e9 @ Thu Aug  6 09:46:29 UTC 2026
// 重构日志: deabd7e5
// 重构日志: a0c568d3
// 重构日志: 6341d743
// 同步 ID: 3f5a4707 @ Fri Aug  7 10:59:48 UTC 2026
// 重构日志: ac4eae34
// 同步 ID: 04c76f69 @ Sat Aug  8 05:57:37 UTC 2026
// 重构日志: bdf03f97
// 重构日志: b5baa7bc
